============================================================
Stage3 monotonic re-measurement
============================================================
REPO_ROOT=/home/mieno/mls-tamarin-stage-v2/mls-tamarin-repo-corrected-v2
TAMARIN=/home/mieno/tamarin-clean-1.12.0/bin/tamarin-prover-1.12.0-clean
THEORY=theories/stages/stage3_private_pcs.spthy
THEORY_SHA256=dca9d4e6e484282513b2bdb91377de1d02143fddbaa96ca416c3949d768ad7a3
LEMMA=L3_post_compromise_security
REPS=10

[stage3] run 1/10
[stage3] run 2/10
[stage3] run 3/10
[stage3] run 4/10
[stage3] run 5/10
[stage3] run 6/10
[stage3] run 7/10
[stage3] run 8/10
[stage3] run 9/10
[stage3] run 10/10
Runs: 10
Verified: 10/10
Steps observed: 18
Sources steps observed: 1
Wellformedness observed: successful
Warnings observed: clean
Exit codes observed: 0
Monotonic wall mean: 1.341666
Monotonic wall median: 1.371519
Monotonic wall stdev: 0.074061
Monotonic wall min: 1.195665
Monotonic wall max: 1.424866
RSS mean KB: 108423.2
RSS mean MiB: 105.882
RSS stdev KB: 6118.339
All expected and clean: True
Raw Tamarin processing times: 1.16s,1.33s,1.23s,1.32s,1.22s,1.38s,1.30s,1.36s,1.34s,1.35s

Results:
  /home/mieno/mls-tamarin-stage-v2/mls-tamarin-repo-corrected-v2/results/stage3_monotonic_repeat10/stage3_repeat10.csv
  /home/mieno/mls-tamarin-stage-v2/mls-tamarin-repo-corrected-v2/results/stage3_monotonic_repeat10/stage3_repeat10_summary.txt
